// Vitest Snapshot v1

exports[`Components > INav > should render correctly 1`] = `
"<nav class=\\"nav -light -md\\" role=\\"menubar\\">
  <!-- @slot default Slot for default nav content -->
  <div class=\\"nav-item\\" role=\\"menuitem\\" tag=\\"div\\" tabindex=\\"0\\" disabled=\\"false\\">
    <!-- @slot default Slot for default nav item content -->Item 1
  </div>
  <div class=\\"nav-item\\" role=\\"menuitem\\" tag=\\"div\\" tabindex=\\"0\\" disabled=\\"false\\">
    <!-- @slot default Slot for default nav item content -->Item 2
  </div>
  <div class=\\"nav-item\\" role=\\"menuitem\\" tag=\\"div\\" tabindex=\\"0\\" disabled=\\"false\\">
    <!-- @slot default Slot for default nav item content -->Item 3
  </div>
</nav>"
`;
