// Vitest Snapshot v1

exports[`Components > INavbarBrand > should render correctly 1`] = `
"<div class=\\"navbar-brand\\" tag=\\"div\\" translate=\\"no\\">
  <!-- @slot default Slot for default navbar brand content -->
</div>"
`;
