// Vitest Snapshot v1

exports[`Components > IDropdownItem > should render correctly 1`] = `
"<div class=\\"dropdown-item\\" role=\\"menuitem\\" tag=\\"div\\" tabindex=\\"0\\" aria-pressed=\\"false\\">
  <!-- @slot default Slot for default dropdown item content -->
</div>"
`;
