// Vitest Snapshot v1

exports[`Components > IBreadcrumb > should render correctly 1`] = `
<nav
  aria-label="Breadcrumbs"
  class="breadcrumb -light -md"
>
  <ol>
    <!--** Slot for default breadcrumb content -->
    
    
  </ol>
</nav>
`;
