// Vitest Snapshot v1

exports[`Components > INavItem > should render correctly 1`] = `
"<div class=\\"nav-item\\" role=\\"menuitem\\" tag=\\"div\\" tabindex=\\"0\\" disabled=\\"false\\">
  <!-- @slot default Slot for default nav item content -->
</div>"
`;
