// Vitest Snapshot v1

exports[`Components > IMedia > should render correctly 1`] = `
"<div class=\\"media\\" color=\\"light\\" size=\\"md\\">
  <!-- @slot image Slot for media image -->
  <div class=\\"media-body\\">
    <!-- @slot default Slot for default media content -->
  </div>
</div>"
`;
