// Vitest Snapshot v1

exports[`Components > INavbar > should render correctly 1`] = `
"<nav class=\\"navbar -collapse-md -light -md\\">
  <div class=\\"container\\">
    <!-- @slot default Slot for default container content -->
    <div class=\\"hamburger-menu -light -md -close collapse-toggle\\"><span class=\\"hamburger-menu-bars\\"></span></div><!-- @slot default Slot for default navbar content -->
    <div class=\\"navbar-brand\\" tag=\\"div\\" translate=\\"no\\">
      <!-- @slot default Slot for default navbar brand content -->
    </div>
    <transition-stub name=\\"expand\\" appear=\\"false\\" persisted=\\"false\\" css=\\"true\\" data-v-8631fbff=\\"\\">
      <div class=\\"navbar-collapsible\\" aria-hidden=\\"false\\" aria-expanded=\\"true\\">
        <!-- @slot default Slot for default navbar collapsible content -->
        <nav class=\\"nav -light -md\\" role=\\"menubar\\">
          <!-- @slot default Slot for default nav content -->
          <div class=\\"nav-item\\" role=\\"menuitem\\" tag=\\"div\\" tabindex=\\"0\\" disabled=\\"false\\">
            <!-- @slot default Slot for default nav item content -->Item 1
          </div>
          <div class=\\"nav-item\\" role=\\"menuitem\\" tag=\\"div\\" tabindex=\\"0\\" disabled=\\"false\\">
            <!-- @slot default Slot for default nav item content -->Item 2
          </div>
          <div class=\\"nav-item\\" role=\\"menuitem\\" tag=\\"div\\" tabindex=\\"0\\" disabled=\\"false\\">
            <!-- @slot default Slot for default nav item content -->Item 3
          </div>
        </nav>
      </div>
    </transition-stub>
  </div>
</nav>"
`;
